// Jest Snapshot v1, https://goo.gl/fbAQLP

exports[`PokemonDetailScreen renders correctly 1`] = `
<View
  style={
    {
      "flex": 1,
    }
  }
/>
`;
